


ARM Macro Assembler    Page 1 


    1 00000000                 AREA             RESET, DATA, READONLY
    2 00000000                 EXPORT           __Vectors
    3 00000000         
    4 00000000         __Vectors
    5 00000000 10001000        DCD              0x10001000
    6 00000004 00000000        DCD              Reset_Handler
    7 00000008                 ALIGN
    8 00000008                 AREA             mycode, CODE, READONLY
    9 00000000                 ENTRY
   10 00000000                 EXPORT           Reset_Handler
   11 00000000         
   12 00000000         Reset_Handler
   13 00000000 480B            LDR              R0, =NUM    ; load numerator ad
                                                            dr
   14 00000002 490C            LDR              R1, =DEN    ; load denominator 
                                                            addr
   15 00000004 4C0C            LDR              R4, =DST    ; result addr
   16 00000006 6800            LDR              R0, [R0]
   17 00000008 6809            LDR              R1, [R1]
   18 0000000A F04F 0200       MOV              R2, #0
   19 0000000E F04F 0300       MOV              R3, #0
   20 00000012 4288    up      CMP              R0, R1
   21 00000014 D304            BCC              store
   22 00000016 EBA0 0001       SUB              R0, R1
   23 0000001A F102 0201       ADD              R2, #1
   24 0000001E E7F8            B                up
   25 00000020 F844 2B04 
                       store   STR              R2, [R4], #4
   26 00000024 6022            STR              R2, [R4]
   27 00000026         STOP
   28 00000026 E7FE            B                STOP
   29 00000028         
   30 00000028 00000008 
                       NUM     DCD              8
   31 0000002C 00000003 
                       DEN     DCD              3
   32 00000030 00000000 
              00000000 
              00000000         AREA             res, DATA, READWRITE
   33 00000000 00000000 
              00000000 DST     DCD              0, 0
   34 00000008                 END
Command Line: --debug --xref --cpu=Cortex-M3 --apcs=interwork --depend=.\divisi
on.d -o.\division.o -IC:\Keil\ARM\RV31\INC -IC:\Keil\ARM\CMSIS\Include -IC:\Kei
l\ARM\Inc\NXP\LPC17xx --predefine="__EVAL SETA 1" --list=.\division.lst divisio
n.s



ARM Macro Assembler    Page 1 Alphabetic symbol ordering
Relocatable symbols

RESET 00000000

Symbol: RESET
   Definitions
      At line 1 in file division.s
   Uses
      None
Comment: RESET unused
__Vectors 00000000

Symbol: __Vectors
   Definitions
      At line 4 in file division.s
   Uses
      At line 2 in file division.s
Comment: __Vectors used once
2 symbols



ARM Macro Assembler    Page 1 Alphabetic symbol ordering
Relocatable symbols

DEN 0000002C

Symbol: DEN
   Definitions
      At line 31 in file division.s
   Uses
      At line 14 in file division.s
Comment: DEN used once
NUM 00000028

Symbol: NUM
   Definitions
      At line 30 in file division.s
   Uses
      At line 13 in file division.s
Comment: NUM used once
Reset_Handler 00000000

Symbol: Reset_Handler
   Definitions
      At line 12 in file division.s
   Uses
      At line 6 in file division.s
      At line 10 in file division.s

STOP 00000026

Symbol: STOP
   Definitions
      At line 27 in file division.s
   Uses
      At line 28 in file division.s
Comment: STOP used once
mycode 00000000

Symbol: mycode
   Definitions
      At line 8 in file division.s
   Uses
      None
Comment: mycode unused
store 00000020

Symbol: store
   Definitions
      At line 25 in file division.s
   Uses
      At line 21 in file division.s
Comment: store used once
up 00000012

Symbol: up
   Definitions
      At line 20 in file division.s
   Uses
      At line 24 in file division.s
Comment: up used once
7 symbols



ARM Macro Assembler    Page 1 Alphabetic symbol ordering
Relocatable symbols

DST 00000000

Symbol: DST
   Definitions
      At line 33 in file division.s
   Uses
      At line 15 in file division.s
Comment: DST used once
res 00000000

Symbol: res
   Definitions
      At line 32 in file division.s
   Uses
      None
Comment: res unused
2 symbols
344 symbols in table
