


ARM Macro Assembler    Page 1 


    1 00000000                 AREA             RESET, DATA, READONLY
    2 00000000                 EXPORT           __Vectors
    3 00000000         
    4 00000000         __Vectors
    5 00000000         
    6 00000000 10001000        DCD              0x10001000
    7 00000004 00000000        DCD              Reset_Handler
    8 00000008                 ALIGN
    9 00000008                 AREA             mycode, CODE, READONLY
   10 00000000                 ENTRY
   11 00000000                 EXPORT           Reset_Handler
   12 00000000         
   13 00000000         Reset_Handler
   14 00000000 4806            LDR              R0, =SRC    ; start addr of 2 n
                                                            ums in code mem
   15 00000002 4C07            LDR              R4, =DST    ; addr of result in
                                                             data mem
   16 00000004 F850 1B04       LDR              R1, [R0], #4
   17 00000008 6802            LDR              R2, [R0]
   18 0000000A EBA2 0301       SUB              R3, R2, R1
   19 0000000E 6023            STR              R3, [R4]
   20 00000010         STOP
   21 00000010 E7FE            B                STOP
   22 00000012 00 00 00000008 
              00000003 SRC     DCD              8, 3
   23 0000001C 00000000 
              00000000         AREA             dat, DATA, READWRITE
   24 00000000         
   25 00000000 00000000 
                       DST     DCD              0
   26 00000004         
   27 00000004                 END
Command Line: --debug --xref --cpu=Cortex-M3 --apcs=interwork --depend=.\sub.d 
-o.\sub.o -IC:\Keil\ARM\RV31\INC -IC:\Keil\ARM\CMSIS\Include -IC:\Keil\ARM\Inc\
NXP\LPC17xx --predefine="__EVAL SETA 1" --list=.\sub.lst sub.s



ARM Macro Assembler    Page 1 Alphabetic symbol ordering
Relocatable symbols

RESET 00000000

Symbol: RESET
   Definitions
      At line 1 in file sub.s
   Uses
      None
Comment: RESET unused
__Vectors 00000000

Symbol: __Vectors
   Definitions
      At line 4 in file sub.s
   Uses
      At line 2 in file sub.s
Comment: __Vectors used once
2 symbols



ARM Macro Assembler    Page 1 Alphabetic symbol ordering
Relocatable symbols

Reset_Handler 00000000

Symbol: Reset_Handler
   Definitions
      At line 13 in file sub.s
   Uses
      At line 7 in file sub.s
      At line 11 in file sub.s

SRC 00000014

Symbol: SRC
   Definitions
      At line 22 in file sub.s
   Uses
      At line 14 in file sub.s
Comment: SRC used once
STOP 00000010

Symbol: STOP
   Definitions
      At line 20 in file sub.s
   Uses
      At line 21 in file sub.s
Comment: STOP used once
mycode 00000000

Symbol: mycode
   Definitions
      At line 9 in file sub.s
   Uses
      None
Comment: mycode unused
4 symbols



ARM Macro Assembler    Page 1 Alphabetic symbol ordering
Relocatable symbols

DST 00000000

Symbol: DST
   Definitions
      At line 25 in file sub.s
   Uses
      At line 15 in file sub.s
Comment: DST used once
dat 00000000

Symbol: dat
   Definitions
      At line 23 in file sub.s
   Uses
      None
Comment: dat unused
2 symbols
341 symbols in table
