ARM Linker, 5.03 [Build 76] [MDK-ARM Lite]

==============================================================================

Section Cross References

    hex_to_bcd.o(reset) refers to hex_to_bcd.o(mycode) for Reset_Handler
    hex_to_bcd.o(mycode) refers to hex_to_bcd.o(mydata) for result


==============================================================================

Image Symbol Table

    Local Symbols

    Symbol Name                              Value     Ov Type        Size  Object(Section)

    reset                                    0x00000000   Section        8  hex_to_bcd.o(reset)
    hex_to_bcd.s                             0x00000000   Number         0  hex_to_bcd.o ABSOLUTE
    mycode                                   0x00000008   Section      100  hex_to_bcd.o(mycode)
    value1                                   0x00000058   Data           4  hex_to_bcd.o(mycode)
    mydata                                   0x10000000   Section       44  hex_to_bcd.o(mydata)
    result                                   0x10000000   Data          40  hex_to_bcd.o(mydata)
    packed                                   0x10000028   Data           4  hex_to_bcd.o(mydata)

    Global Symbols

    Symbol Name                              Value     Ov Type        Size  Object(Section)

    BuildAttributes$$THM_ISAv4$P$D$K$B$S$PE$A:L22UL41UL21$X:L11$S22US41US21$IEEE1$IW$USESV6$~STKCKD$USESV7$~SHL$OSPACE$EBA8$STANDARDLIB$PRES8$EABIv2 0x00000000   Number         0  anon$$obj.o ABSOLUTE
    __Vectors                                0x00000000   Data           0  hex_to_bcd.o(reset)
    Reset_Handler                            0x00000009   Thumb Code     0  hex_to_bcd.o(mycode)



==============================================================================

Memory Map of the image

  Image Entry point : 0x00000009

  Load Region LR_1 (Base: 0x00000000, Size: 0x00000098, Max: 0xffffffff, ABSOLUTE)

    Execution Region ER_RO (Base: 0x00000000, Size: 0x0000006c, Max: 0xffffffff, ABSOLUTE)

    Base Addr    Size         Type   Attr      Idx    E Section Name        Object

    0x00000000   0x00000008   Data   RO            1    reset               hex_to_bcd.o
    0x00000008   0x00000064   Code   RO            2  * mycode              hex_to_bcd.o


    Execution Region ER_RW (Base: 0x10000000, Size: 0x0000002c, Max: 0xffffffff, ABSOLUTE)

    Base Addr    Size         Type   Attr      Idx    E Section Name        Object

    0x10000000   0x0000002c   Data   RW            3    mydata              hex_to_bcd.o


    Execution Region ER_ZI (Base: 0x1000002c, Size: 0x00000000, Max: 0xffffffff, ABSOLUTE)

    **** No section assigned to this execution region ****


==============================================================================

Image component sizes


      Code (inc. data)   RO Data    RW Data    ZI Data      Debug   Object Name

       100         22          8         44          0        224   hex_to_bcd.o

    ----------------------------------------------------------------------
       100         22          8         44          0        224   Object Totals
         0          0          0          0          0          0   (incl. Generated)
         0          0          0          0          0          0   (incl. Padding)

    ----------------------------------------------------------------------
         0          0          0          0          0          0   Library Totals
         0          0          0          0          0          0   (incl. Padding)

    ----------------------------------------------------------------------

==============================================================================


      Code (inc. data)   RO Data    RW Data    ZI Data      Debug   

       100         22          8         44          0        224   Grand Totals
       100         22          8         44          0        224   ELF Image Totals
       100         22          8         44          0          0   ROM Totals

==============================================================================

    Total RO  Size (Code + RO Data)                  108 (   0.11kB)
    Total RW  Size (RW Data + ZI Data)                44 (   0.04kB)
    Total ROM Size (Code + RO Data + RW Data)        152 (   0.15kB)

==============================================================================

