<html>
<body>
<pre>
<h1>µVision Build Log</h1>
<h2>Project:</h2>
D:\ishaan_vatus_220905043\lab_20_(trinary)\blinkenlights.uvproj
Project File Date:  02/23/2024

<h2>Output:</h2>
Build target 'Target 1'
compiling watchdog_up_down.c...
linking...
Program Size: Code=1396 RO-data=236 RW-data=16 ZI-data=608  
FromELF: creating hex file...
".\blinkenlights.axf" - 0 Error(s), 0 Warning(s).
compiling watchdog_up_down.c...
"watchdog_up_down.c" - 0 Error(s), 0 Warning(s).
- 1 Error(s), 1 Warning(s).
Target not created
tchdog_up_down.c" - 0 Error(s), 1 Warning(s).
0 errors
"watchdog_up_down.c" - 0 Error(s), 1 Warning(s).
-) {
watchdog_up_down.c: 1 warning, 2 errors
".\blinkenlights.axf" - 2 Error(s), 1 Warning(s).
Target not created
c: 2 warnings, 2 errors
".\blinkenlights.axf" - 2 Error(s), 2 Warning(s).
Target not created
