<html>
<body>
<pre>
<h1>µVision Build Log</h1>
<h2>Project:</h2>
D:\ishaan_vatus_220905043\lab_04\pkd.uvproj
Project File Date:  02/02/2024

<h2>Output:</h2>
Build target 'Target 1'
linking...
Program Size: Code=56 RO-data=8 RW-data=0 ZI-data=0  
".\pkd.axf" - 0 Error(s), 0 Warning(s).
king...
Program Size: Code=56 RO-data=8 RW-data=0 ZI-data=0  
".\pkd.axf" - 0 Error(s), 1 Warning(s).
647E: Bad register name symbol, expected Integer register
bcd_to_hex.s(25): error: A1647E: Bad register name symbol, expected Integer register
".\pkd.axf" - 4 Error(s), 0 Warning(s).
Target not created
r: A1150E: Bad symbol, not defined or external
unpacked_to_packed.s(24): error: A1647E: Bad register name symbol, expected Integer register
unpacked_to_packed.s(33): error: A1108E: Multiply defined symbol 'pkd'
".\pkd.axf" - 7 Error(s), 0 Warning(s).
Target not created
d.axf" - 8 Error(s), 0 Warning(s).
Target not created
