<html>
<body>
<pre>
<h1>µVision Build Log</h1>
<h2>Project:</h2>
D:\ishaan_vatus_220905043\lab_09\texas_instruments.uvproj
Project File Date:  03/15/2024

<h2>Output:</h2>
Build target 'Target 1'
linking...
Program Size: Code=1216 RO-data=236 RW-data=4 ZI-data=612  
FromELF: creating hex file...
".\texas_instruments.axf" - 0 Error(s), 0 Warning(s).
10.001\Downloads\buzzer.c: 1 warning, 0 errors
linking...
Program Size: Code=1216 RO-data=236 RW-data=4 ZI-data=612  
FromELF: creating hex file...
".\texas_instruments.axf" - 0 Error(s), 1 Warning(s).
s
"calculator.c" - 0 Error(s), 1 Warning(s).
:  #177-D: variable "symbol" was declared but never referenced
                unsigned char op1, symbol, op2;
calculator.c(39): warning:  #177-D: variable "op2" was declared but never referenced
                unsigned char op1, symbol, op2;
calculator.c: 3 warnings, 2 errors
".\texas_instruments.axf" - 2 Error(s), 3 Warning(s).
Target not created
