<html>
<body>
<pre>
<h1>µVision Build Log</h1>
<h2>Project:</h2>
D:\ishaan_vatus_220905043\lab_07\lt_543.uvproj
Project File Date:  03/08/2024

<h2>Output:</h2>
Build target 'Target 1'
linking...
Program Size: Code=1736 RO-data=236 RW-data=44 ZI-data=612  
FromELF: creating hex file...
".\lt_543.axf" - 0 Error(s), 0 Warning(s).
compiling hex_up_down.c...
"hex_up_down.c" - 0 Error(s), 0 Warning(s).
</pre>
</body>
</html>
t never referenced
  down:
up_down_switch.c: 1 warning, 0 errors
"up_down_switch.c" - 0 Error(s), 1 Warning(s).
g, 3 errors
".\lt_543.axf" - 3 Error(s), 1 Warning(s).
Target not created
