


ARM Macro Assembler    Page 1 


    1 00000000                 AREA             RESET, DATA, READONLY
    2 00000000                 EXPORT           __Vectors
    3 00000000         __Vectors
    4 00000000 10001000        DCD              0X10001000
    5 00000004 00000000        DCD              Reset_Handler
    6 00000008                 ALIGN
    7 00000008                 AREA             mycode, CODE, READONLY
    8 00000000                 ENTRY
    9 00000000                 EXPORT           Reset_Handler
   10 00000000         Reset_Handler
   11 00000000 F240 0010 
              F2C0 0000        MOV32            R0, #0x10
   12 00000008 4601            MOV              R1, R0
   13 0000000A                 END
Command Line: --debug --xref --cpu=Cortex-M3 --apcs=interwork --depend=.\lab2_4
.d -o.\lab2_4.o -IC:\Keil\ARM\RV31\INC -IC:\Keil\ARM\CMSIS\Include -IC:\Keil\AR
M\Inc\NXP\LPC17xx --predefine="__EVAL SETA 1" --list=.\lab2_4.lst "D:\ICAS_2216
27021\Lab 2\Lab2_4.s"



ARM Macro Assembler    Page 1 Alphabetic symbol ordering
Relocatable symbols

RESET 00000000

Symbol: RESET
   Definitions
      At line 1 in file D:\ICAS_221627021\Lab
   Uses
      None
Comment: RESET unused
__Vectors 00000000

Symbol: __Vectors
   Definitions
      At line 3 in file D:\ICAS_221627021\Lab
   Uses
      At line 2 in file D:\ICAS_221627021\Lab
Comment: __Vectors used once
2 symbols



ARM Macro Assembler    Page 1 Alphabetic symbol ordering
Relocatable symbols

Reset_Handler 00000000

Symbol: Reset_Handler
   Definitions
      At line 10 in file D:\ICAS_221627021\Lab
   Uses
      At line 5 in file D:\ICAS_221627021\Lab
      At line 9 in file D:\ICAS_221627021\Lab

mycode 00000000

Symbol: mycode
   Definitions
      At line 7 in file D:\ICAS_221627021\Lab
   Uses
      None
Comment: mycode unused
2 symbols
335 symbols in table
